C:\projects\Genmot_Markalama_\Logical\Global.typ
C:\projects\Genmot_Markalama_\Logical\Global.var
C:\projects\Genmot_Markalama_\Logical\Libraries\Operator\operator.fun
C:\projects\Genmot_Markalama_\Logical\Libraries\Runtime\runtime.var
C:\projects\Genmot_Markalama_\Logical\Libraries\Runtime\runtime.typ
C:\projects\Genmot_Markalama_\Logical\Libraries\Runtime\runtime.fun
C:\projects\Genmot_Markalama_\Logical\Libraries\AsTime\astime.var
C:\projects\Genmot_Markalama_\Logical\Libraries\AsTime\astime.typ
C:\projects\Genmot_Markalama_\Logical\Libraries\AsTime\astime.fun
C:\projects\Genmot_Markalama_\Logical\Libraries\AsIecCon\AsIecCon.fun
C:\projects\Genmot_Markalama_\Logical\Libraries\Acp10_MC\acp10_mc.var
C:\projects\Genmot_Markalama_\Logical\Libraries\Acp10_MC\acp10_mc.typ
C:\projects\Genmot_Markalama_\Logical\Libraries\Acp10_MC\acp10_mc.fun
C:\projects\Genmot_Markalama_\Logical\Libraries\brsystem\brsystem.var
C:\projects\Genmot_Markalama_\Logical\Libraries\brsystem\brsystem.fun
C:\projects\Genmot_Markalama_\Logical\Libraries\Acp10man\Acp10man.typ
C:\projects\Genmot_Markalama_\Logical\Libraries\sys_lib\sys_lib.var
C:\projects\Genmot_Markalama_\Logical\Libraries\sys_lib\sys_lib.typ
C:\projects\Genmot_Markalama_\Logical\Libraries\sys_lib\sys_lib.fun
C:\projects\Genmot_Markalama_\Logical\Libraries\NcGlobal\Ncglobal.fun
C:\projects\Genmot_Markalama_\Logical\Libraries\NcGlobal\Ncglobal.typ
C:\projects\Genmot_Markalama_\Logical\Libraries\NcGlobal\Ncglobal.var
C:\projects\Genmot_Markalama_\Logical\Libraries\Acp10par\Acp10par.var
C:\projects\Genmot_Markalama_\Logical\Libraries\Acp10sdc\acp10sdc.var
C:\projects\Genmot_Markalama_\Logical\Libraries\Acp10sdc\acp10sdc.typ
C:\projects\Genmot_Markalama_\Logical\Libraries\standard\standard.fun
C:\projects\Genmot_Markalama_\Logical\Libraries\asstring\asstring.fun
C:\projects\Genmot_Markalama_\Logical\Libraries\AsWeigh\AsWeigh.typ
C:\projects\Genmot_Markalama_\Logical\Libraries\AsWeigh\AsWeigh.fun
C:\projects\Genmot_Markalama_\Logical\Libraries\AsBrMath\AsBrMath.var
C:\projects\Genmot_Markalama_\Logical\Libraries\AsBrMath\AsBrMath.fun
C:\projects\Genmot_Markalama_\Logical\Libraries\LoopConR\LoopConR.var
C:\projects\Genmot_Markalama_\Logical\Libraries\LoopConR\LoopConR.typ
C:\projects\Genmot_Markalama_\Logical\Libraries\LoopConR\LoopConR.fun
C:\projects\Genmot_Markalama_\Logical\Libraries\AsBrStr\AsBrStr.fun
C:\projects\Genmot_Markalama_\Logical\Libraries\FileIO\FileIO.var
C:\projects\Genmot_Markalama_\Logical\Libraries\FileIO\FileIO.typ
C:\projects\Genmot_Markalama_\Logical\Libraries\FileIO\FileIO.fun
C:\projects\Genmot_Markalama_\Logical\Libraries\AsEPL\AsEPL.var
C:\projects\Genmot_Markalama_\Logical\Libraries\AsEPL\AsEPL.typ
C:\projects\Genmot_Markalama_\Logical\Libraries\AsEPL\AsEPL.fun
C:\projects\Genmot_Markalama_\Logical\Libraries\AsARCfg\AsARCfg.var
C:\projects\Genmot_Markalama_\Logical\Libraries\AsARCfg\AsARCfg.typ
C:\projects\Genmot_Markalama_\Logical\Libraries\AsARCfg\AsARCfg.fun
C:\projects\Genmot_Markalama_\Logical\Libraries\dvframe\dvframe.var
C:\projects\Genmot_Markalama_\Logical\Libraries\dvframe\dvframe.typ
C:\projects\Genmot_Markalama_\Logical\Libraries\dvframe\dvframe.fun
C:\projects\Genmot_Markalama_\Temp\Objects\Config1\PLC1\PowerAx1\PowerAx1Global.typ
C:\projects\Genmot_Markalama_\Temp\Objects\Config1\PLC1\PowerAx1\PowerAx1Global.var
C:\projects\Genmot_Markalama_\Temp\Objects\Config1\PLC1\PowerAx2\PowerAx2Global.typ
C:\projects\Genmot_Markalama_\Temp\Objects\Config1\PLC1\PowerAx2\PowerAx2Global.var
C:\projects\Genmot_Markalama_\Temp\Objects\Config1\PLC1\RZAxisCont\RZAxisContGlobal.typ
C:\projects\Genmot_Markalama_\Temp\Objects\Config1\PLC1\RZAxisCont\RZAxisContGlobal.var
C:\projects\Genmot_Markalama_\Temp\Objects\Config1\PLC1\RYAxisCont\RYAxisContGlobal.typ
C:\projects\Genmot_Markalama_\Temp\Objects\Config1\PLC1\RYAxisCont\RYAxisContGlobal.var
C:\projects\Genmot_Markalama_\Temp\Objects\Config1\PLC1\RXAxisCont\RXAxisContGlobal.typ
C:\projects\Genmot_Markalama_\Temp\Objects\Config1\PLC1\RXAxisCont\RXAxisContGlobal.var
C:\projects\Genmot_Markalama_\Temp\Objects\Config1\PLC1\RAAxisCont\RAAxisContGlobal.typ
C:\projects\Genmot_Markalama_\Temp\Objects\Config1\PLC1\RAAxisCont\RAAxisContGlobal.var
C:\projects\Genmot_Markalama_\Temp\Objects\Config1\PLC1\RC1AxisCon\RC1AxisConGlobal.typ
C:\projects\Genmot_Markalama_\Temp\Objects\Config1\PLC1\RC1AxisCon\RC1AxisConGlobal.var
C:\projects\Genmot_Markalama_\Temp\Objects\Config1\PLC1\RC2AxisCon\RC2AxisConGlobal.typ
C:\projects\Genmot_Markalama_\Temp\Objects\Config1\PLC1\RC2AxisCon\RC2AxisConGlobal.var
C:\projects\Genmot_Markalama_\Temp\Objects\Config1\PLC1\GRXAxisCon\GRXAxisConGlobal.typ
C:\projects\Genmot_Markalama_\Temp\Objects\Config1\PLC1\GRXAxisCon\GRXAxisConGlobal.var
C:\projects\Genmot_Markalama_\Temp\Objects\Config1\PLC1\GRZAxisCon\GRZAxisConGlobal.typ
C:\projects\Genmot_Markalama_\Temp\Objects\Config1\PLC1\GRZAxisCon\GRZAxisConGlobal.var
C:\projects\Genmot_Markalama_\Temp\Objects\Config1\PLC1\Master\MasterGlobal.typ
C:\projects\Genmot_Markalama_\Temp\Objects\Config1\PLC1\Master\MasterGlobal.var
C:\projects\Genmot_Markalama_\Temp\Objects\Config1\PLC1\GRYAxisCon\GRYAxisConGlobal.typ
C:\projects\Genmot_Markalama_\Temp\Objects\Config1\PLC1\GRYAxisCon\GRYAxisConGlobal.var
