\Logical\Master\Master.typ
\Logical\Master\Master.var
\Logical\PowerAx1\PowerAx1.typ
\Logical\PowerAx1\PowerAx1.var
\Logical\PowerAx2\PowerAx2.typ
\Logical\PowerAx2\PowerAx2.var
\Logical\RAAxisControl\GX1Ax.typ
\Logical\RAAxisControl\GX1Ax.var
\Logical\RXAxisControl\GX2Ax.typ
\Logical\RXAxisControl\GX2Ax.var
\Logical\RYAxisControl\GX3Ax.typ
\Logical\RYAxisControl\GX3Ax.var
\Logical\RZAxisControl\GZ1Ax.typ
\Logical\RZAxisControl\GZ1Ax.var
\Logical\RC1AxisControl\GC1Ax.typ
\Logical\RC1AxisControl\GC1Ax.var
\Logical\RC2AxisControl\GC2Ax.typ
\Logical\RC2AxisControl\GC2Ax.var
\Logical\GRXAxisControl\GRXAx.typ
\Logical\GRXAxisControl\GRXAx.var
\Logical\GRYAxisControl\GRYAxisControl.typ
\Logical\GRYAxisControl\GRYAxisControl.var
\Logical\GRZAxisControl\GRZAx.typ
\Logical\GRZAxisControl\GRXAx.var
\Logical\LibDVFrame1_ST\Sender\Sender.typ
\Logical\LibDVFrame1_ST\Sender\Sender.var
\Logical\LibDVFrame1_ST\Receiver\Receiver.typ
\Logical\LibDVFrame1_ST\Receiver\Receiver.var
\Temp\Objects\Config1\PLC1\PowerAx1\PowerAx1Local.var
\Temp\Objects\Config1\PLC1\PowerAx2\PowerAx2Local.var
\Temp\Objects\Config1\PLC1\RZAxisCont\RZAxisContLocal.var
\Temp\Objects\Config1\PLC1\RYAxisCont\RYAxisContLocal.var
\Temp\Objects\Config1\PLC1\RXAxisCont\RXAxisContLocal.var
\Temp\Objects\Config1\PLC1\RAAxisCont\RAAxisContLocal.var
\Temp\Objects\Config1\PLC1\RC1AxisCon\RC1AxisConLocal.var
\Temp\Objects\Config1\PLC1\RC2AxisCon\RC2AxisConLocal.var
\Temp\Objects\Config1\PLC1\GRXAxisCon\GRXAxisConLocal.var
\Temp\Objects\Config1\PLC1\GRZAxisCon\GRZAxisConLocal.var
\Temp\Objects\Config1\PLC1\Master\MasterLocal.var
\Temp\Objects\Config1\PLC1\GRYAxisCon\GRYAxisConLocal.var
