\Logical\Global.typ
\Logical\Global.var
\Logical\Libraries\Operator\operator.fun
\Logical\Libraries\Runtime\runtime.var
\Logical\Libraries\Runtime\runtime.typ
\Logical\Libraries\Runtime\runtime.fun
\Logical\Libraries\AsTime\astime.var
\Logical\Libraries\AsTime\astime.typ
\Logical\Libraries\AsTime\astime.fun
\Logical\Libraries\AsIecCon\AsIecCon.fun
\Logical\Libraries\Acp10_MC\acp10_mc.var
\Logical\Libraries\Acp10_MC\acp10_mc.typ
\Logical\Libraries\Acp10_MC\acp10_mc.fun
\Logical\Libraries\brsystem\brsystem.var
\Logical\Libraries\brsystem\brsystem.fun
\Logical\Libraries\Acp10man\Acp10man.typ
\Logical\Libraries\sys_lib\sys_lib.var
\Logical\Libraries\sys_lib\sys_lib.typ
\Logical\Libraries\sys_lib\sys_lib.fun
\Logical\Libraries\NcGlobal\Ncglobal.fun
\Logical\Libraries\NcGlobal\Ncglobal.typ
\Logical\Libraries\NcGlobal\Ncglobal.var
\Logical\Libraries\Acp10par\Acp10par.var
\Logical\Libraries\Acp10sdc\acp10sdc.var
\Logical\Libraries\Acp10sdc\acp10sdc.typ
\Logical\Libraries\standard\standard.fun
\Logical\Libraries\asstring\asstring.fun
\Logical\Libraries\AsWeigh\AsWeigh.typ
\Logical\Libraries\AsWeigh\AsWeigh.fun
\Logical\Libraries\AsBrMath\AsBrMath.var
\Logical\Libraries\AsBrMath\AsBrMath.fun
\Logical\Libraries\LoopConR\LoopConR.var
\Logical\Libraries\LoopConR\LoopConR.typ
\Logical\Libraries\LoopConR\LoopConR.fun
\Logical\Libraries\AsBrStr\AsBrStr.fun
\Logical\Libraries\FileIO\FileIO.var
\Logical\Libraries\FileIO\FileIO.typ
\Logical\Libraries\FileIO\FileIO.fun
\Logical\Libraries\AsEPL\AsEPL.var
\Logical\Libraries\AsEPL\AsEPL.typ
\Logical\Libraries\AsEPL\AsEPL.fun
\Logical\Libraries\AsARCfg\AsARCfg.var
\Logical\Libraries\AsARCfg\AsARCfg.typ
\Logical\Libraries\AsARCfg\AsARCfg.fun
\Logical\Libraries\dvframe\dvframe.var
\Logical\Libraries\dvframe\dvframe.typ
\Logical\Libraries\dvframe\dvframe.fun
\Logical\Master\Master.typ
\Logical\Master\Master.var
\Logical\PowerAx1\PowerAx1.typ
\Logical\PowerAx1\PowerAx1.var
\Logical\PowerAx2\PowerAx2.typ
\Logical\PowerAx2\PowerAx2.var
\Logical\RAAxisControl\GX1Ax.typ
\Logical\RAAxisControl\GX1Ax.var
\Logical\RXAxisControl\GX2Ax.typ
\Logical\RXAxisControl\GX2Ax.var
\Logical\RYAxisControl\GX3Ax.typ
\Logical\RYAxisControl\GX3Ax.var
\Logical\RZAxisControl\GZ1Ax.typ
\Logical\RZAxisControl\GZ1Ax.var
\Logical\RC1AxisControl\GC1Ax.typ
\Logical\RC1AxisControl\GC1Ax.var
\Logical\RC2AxisControl\GC2Ax.typ
\Logical\RC2AxisControl\GC2Ax.var
\Logical\GRXAxisControl\GRXAx.typ
\Logical\GRXAxisControl\GRXAx.var
\Logical\GRYAxisControl\GRYAxisControl.typ
\Logical\GRYAxisControl\GRYAxisControl.var
\Logical\GRZAxisControl\GRZAx.typ
\Logical\GRZAxisControl\GRXAx.var
\Logical\LibDVFrame1_ST\Sender\Sender.typ
\Logical\LibDVFrame1_ST\Sender\Sender.var
\Logical\LibDVFrame1_ST\Receiver\Receiver.typ
\Logical\LibDVFrame1_ST\Receiver\Receiver.var
\Temp\Objects\Config1\PLC1\PowerAx1\PowerAx1Global.typ
\Temp\Objects\Config1\PLC1\PowerAx1\PowerAx1Global.var
\Temp\Objects\Config1\PLC1\PowerAx1\PowerAx1Local.var
\Temp\Objects\Config1\PLC1\PowerAx2\PowerAx2Global.typ
\Temp\Objects\Config1\PLC1\PowerAx2\PowerAx2Global.var
\Temp\Objects\Config1\PLC1\PowerAx2\PowerAx2Local.var
\Temp\Objects\Config1\PLC1\RZAxisCont\RZAxisContGlobal.typ
\Temp\Objects\Config1\PLC1\RZAxisCont\RZAxisContGlobal.var
\Temp\Objects\Config1\PLC1\RZAxisCont\RZAxisContLocal.var
\Temp\Objects\Config1\PLC1\RYAxisCont\RYAxisContGlobal.typ
\Temp\Objects\Config1\PLC1\RYAxisCont\RYAxisContGlobal.var
\Temp\Objects\Config1\PLC1\RYAxisCont\RYAxisContLocal.var
\Temp\Objects\Config1\PLC1\RXAxisCont\RXAxisContGlobal.typ
\Temp\Objects\Config1\PLC1\RXAxisCont\RXAxisContGlobal.var
\Temp\Objects\Config1\PLC1\RXAxisCont\RXAxisContLocal.var
\Temp\Objects\Config1\PLC1\RAAxisCont\RAAxisContGlobal.typ
\Temp\Objects\Config1\PLC1\RAAxisCont\RAAxisContGlobal.var
\Temp\Objects\Config1\PLC1\RAAxisCont\RAAxisContLocal.var
\Temp\Objects\Config1\PLC1\RC1AxisCon\RC1AxisConGlobal.typ
\Temp\Objects\Config1\PLC1\RC1AxisCon\RC1AxisConGlobal.var
\Temp\Objects\Config1\PLC1\RC1AxisCon\RC1AxisConLocal.var
\Temp\Objects\Config1\PLC1\RC2AxisCon\RC2AxisConGlobal.typ
\Temp\Objects\Config1\PLC1\RC2AxisCon\RC2AxisConGlobal.var
\Temp\Objects\Config1\PLC1\RC2AxisCon\RC2AxisConLocal.var
\Temp\Objects\Config1\PLC1\GRXAxisCon\GRXAxisConGlobal.typ
\Temp\Objects\Config1\PLC1\GRXAxisCon\GRXAxisConGlobal.var
\Temp\Objects\Config1\PLC1\GRXAxisCon\GRXAxisConLocal.var
\Temp\Objects\Config1\PLC1\GRZAxisCon\GRZAxisConGlobal.typ
\Temp\Objects\Config1\PLC1\GRZAxisCon\GRZAxisConGlobal.var
\Temp\Objects\Config1\PLC1\GRZAxisCon\GRZAxisConLocal.var
\Temp\Objects\Config1\PLC1\Master\MasterGlobal.typ
\Temp\Objects\Config1\PLC1\Master\MasterGlobal.var
\Temp\Objects\Config1\PLC1\Master\MasterLocal.var
\Temp\Objects\Config1\PLC1\GRYAxisCon\GRYAxisConGlobal.typ
\Temp\Objects\Config1\PLC1\GRYAxisCon\GRYAxisConGlobal.var
\Temp\Objects\Config1\PLC1\GRYAxisCon\GRYAxisConLocal.var
