/Logical/Global.typ
/Logical/Global.var
/Logical/Libraries/Operator/operator.fun
/Logical/Libraries/Runtime/runtime.var
/Logical/Libraries/Runtime/runtime.typ
/Logical/Libraries/Runtime/runtime.fun
/Logical/Libraries/AsTime/astime.var
/Logical/Libraries/AsTime/astime.typ
/Logical/Libraries/AsTime/astime.fun
/Logical/Libraries/AsIecCon/AsIecCon.fun
/Logical/Libraries/Acp10_MC/acp10_mc.var
/Logical/Libraries/Acp10_MC/acp10_mc.typ
/Logical/Libraries/Acp10_MC/acp10_mc.fun
/Logical/Libraries/brsystem/brsystem.var
/Logical/Libraries/brsystem/brsystem.fun
/Logical/Libraries/Acp10man/Acp10man.typ
/Logical/Libraries/sys_lib/sys_lib.var
/Logical/Libraries/sys_lib/sys_lib.typ
/Logical/Libraries/sys_lib/sys_lib.fun
/Logical/Libraries/NcGlobal/Ncglobal.fun
/Logical/Libraries/NcGlobal/Ncglobal.typ
/Logical/Libraries/NcGlobal/Ncglobal.var
/Logical/Libraries/Acp10par/Acp10par.var
/Logical/Libraries/Acp10sdc/acp10sdc.var
/Logical/Libraries/Acp10sdc/acp10sdc.typ
/Logical/Libraries/standard/standard.fun
/Logical/Libraries/asstring/asstring.fun
/Logical/Libraries/AsWeigh/AsWeigh.typ
/Logical/Libraries/AsWeigh/AsWeigh.fun
/Logical/Libraries/AsBrMath/AsBrMath.var
/Logical/Libraries/AsBrMath/AsBrMath.fun
/Logical/Libraries/LoopConR/LoopConR.var
/Logical/Libraries/LoopConR/LoopConR.typ
/Logical/Libraries/LoopConR/LoopConR.fun
/Logical/Libraries/AsBrStr/AsBrStr.fun
/Logical/Libraries/FileIO/FileIO.var
/Logical/Libraries/FileIO/FileIO.typ
/Logical/Libraries/FileIO/FileIO.fun
/Logical/Libraries/AsEPL/AsEPL.var
/Logical/Libraries/AsEPL/AsEPL.typ
/Logical/Libraries/AsEPL/AsEPL.fun
/Logical/Libraries/AsARCfg/AsARCfg.var
/Logical/Libraries/AsARCfg/AsARCfg.typ
/Logical/Libraries/AsARCfg/AsARCfg.fun
/Logical/Libraries/dvframe/dvframe.var
/Logical/Libraries/dvframe/dvframe.typ
/Logical/Libraries/dvframe/dvframe.fun
/Logical/RYAxisobj/gaxis01i/gaxis01i.ax
/Logical/RYAxisobj/gaxis01a/gaxis01a.apt
/Logical/RZAxisobj/gz1_axisi/gz1_axisi.ax
/Logical/RZAxisobj/gz1_axisa/gz1_axisa.apt
/Logical/RAAxisobj/gaxis02i/gaxis02i.ax
/Logical/RAAxisobj/gaxis02a/gaxis02a.apt
/Logical/RXAxisobj/gaxis03i/gaxis03i.ax
/Logical/RXAxisobj/gaxis03a/gaxis03a.apt
/Logical/RC1Axisobj/gc1_axisi/gz1_axisi.ax
/Logical/RC1Axisobj/gc2_axisa/gz1_axisa.apt
/Logical/RC2Axisobj/gc2_axisi/gz1_axisi.ax
/Logical/RC2Axisobj/gc2_axisa/gz1_axisa.apt
/Logical/GRXAxisobj/grx_axisi/gz1_axisi.ax
/Logical/GRXAxisobj/grx_axisa/gz1_axisa.apt
/Logical/GRYAxisobj/gry_axisi/gry_axisi.ax
/Logical/GRYAxisobj/gry_axisa/gry_axisa.apt
/Logical/GRZAxisobj/grz_axisi/gz1_axisi.ax
/Logical/GRZAxisobj/grz_axisa/gz1_axisa.apt
/Logical/PowerSp1obj/powersp1i/powersp1i.ax
/Logical/PowerSp1obj/powersp1a/powersp1a.apt
/Logical/PowerSp2obj/powersp2i/powersp2i.ax
/Logical/PowerSp2obj/powersp2a/powersp2a.apt
/Logical/acp10etxen/acp10etxen.ett
/Logical/Master/Master.c
/Logical/Master/Master.typ
/Logical/Master/Master.var
/Logical/Master/edge.h
/Logical/PowerAx1/PowerAx1.c
/Logical/PowerAx1/PowerAx1.typ
/Logical/PowerAx1/PowerAx1.var
/Logical/PowerAx1/edge.h
/Logical/PowerAx2/PowerAx2.c
/Logical/PowerAx2/PowerAx2.typ
/Logical/PowerAx2/PowerAx2.var
/Logical/PowerAx2/edge.h
/Logical/RAAxisControl/GX1Ax.c
/Logical/RAAxisControl/GX1Ax.typ
/Logical/RAAxisControl/GX1Ax.var
/Logical/RAAxisControl/edge.h
/Logical/RXAxisControl/GX2Ax.c
/Logical/RXAxisControl/GX2Ax.typ
/Logical/RXAxisControl/GX2Ax.var
/Logical/RXAxisControl/edge.h
/Logical/RYAxisControl/GX3Ax.c
/Logical/RYAxisControl/GX3Ax.typ
/Logical/RYAxisControl/GX3Ax.var
/Logical/RYAxisControl/edge.h
/Logical/RZAxisControl/GZ1Ax.c
/Logical/RZAxisControl/GZ1Ax.typ
/Logical/RZAxisControl/GZ1Ax.var
/Logical/RZAxisControl/edge.h
/Logical/RC1AxisControl/GC1Ax.c
/Logical/RC1AxisControl/GC1Ax.typ
/Logical/RC1AxisControl/GC1Ax.var
/Logical/RC1AxisControl/edge.h
/Logical/RC2AxisControl/GC2Ax.c
/Logical/RC2AxisControl/GC2Ax.typ
/Logical/RC2AxisControl/GC2Ax.var
/Logical/RC2AxisControl/edge.h
/Logical/GRXAxisControl/GRXAx.c
/Logical/GRXAxisControl/GRXAx.typ
/Logical/GRXAxisControl/GRXAx.var
/Logical/GRXAxisControl/edge.h
/Logical/GRYAxisControl/GRYAxisControl.c
/Logical/GRYAxisControl/GRYAxisControl.typ
/Logical/GRYAxisControl/GRYAxisControl.var
/Logical/GRYAxisControl/edge.h
/Logical/GRZAxisControl/GRZAx.c
/Logical/GRZAxisControl/GRZAx.typ
/Logical/GRZAxisControl/GRXAx.var
/Logical/GRZAxisControl/edge.h
/Logical/LazerMarkalama.opct
/Logical/LibDVFrame1_ST/Sender/SenderCyclic.st
/Logical/LibDVFrame1_ST/Sender/Sender.typ
/Logical/LibDVFrame1_ST/Sender/Sender.var
/Logical/LibDVFrame1_ST/Receiver/ReceiverCyclic.st
/Logical/LibDVFrame1_ST/Receiver/Receiver.typ
/Logical/LibDVFrame1_ST/Receiver/Receiver.var
/Physical/Config1/PLC1/sysconf.syc
/Physical/Config1/PLC1/ArConfig.rtc
/Physical/Config1/PLC1/IoMap.iom
/Physical/Config1/PLC1/PvMap.vvm
/Physical/Config1/PLC1/Motion/Acp10map.ncm
/Physical/Config1/PLC1/Motion/Acp10cfg.ncc
/Physical/Config1/PLC1/sysconf.br
/AS/Library/Acp10man/SG4/PowerLink/Acp10man.br
/Physical/Config1/PLC1/Motion/Acp10sys.br
/Physical/Config1/PLC1/Cpu.sw
/Physical/Config1/PLC1/LazerOpcMap.opcm
